#-----------------------------------------------------------
# Vivado v2022.2 (64-bit)
# SW Build 3671981 on Fri Oct 14 05:00:03 MDT 2022
# IP Build 3669848 on Fri Oct 14 08:30:02 MDT 2022
# Start of session at: Mon Apr  3 06:50:17 2023
# Process ID: 17784
# Current directory: D:/Dangelo/OneDrive/Documents/University/EENG28010/EENG28010-Group-Project/TEST Full Implementation
# Command line: vivado.exe -gui_launcher_event rodinguilauncherevent36676 D:\Dangelo\OneDrive\Documents\University\EENG28010\EENG28010-Group-Project\TEST Full Implementation\TEST Full Implementation.xpr
# Log file: D:/Dangelo/OneDrive/Documents/University/EENG28010/EENG28010-Group-Project/TEST Full Implementation/vivado.log
# Journal file: D:/Dangelo/OneDrive/Documents/University/EENG28010/EENG28010-Group-Project/TEST Full Implementation\vivado.jou
# Running On: AnonymousDesktop, OS: Windows, CPU Frequency: 2496 MHz, CPU Physical cores: 8, Host memory: 16873 MB
#-----------------------------------------------------------
start_gui
open_project {D:/Dangelo/OneDrive/Documents/University/EENG28010/EENG28010-Group-Project/TEST Full Implementation/TEST Full Implementation.xpr}
update_compile_order -fileset sources_1
launch_simulation
open_wave_config {D:/Dangelo/OneDrive/Documents/University/EENG28010/EENG28010-Group-Project/TEST Full Implementation/tb_dataGenConsume_behav.wcfg}
source tb_dataGenConsume.tcl
run all
relaunch_sim
relaunch_sim
close_sim
